Archive member included to satisfy reference by file (symbol)

/opt/Atollic_TrueSTUDIO_for_STM32_x86_64_9.3.0/ARMTools/bin/../lib/gcc/arm-atollic-eabi/6.3.1/../../../../arm-atollic-eabi/lib/armv6-m/libc_nano.a(lib_a-init.o)
                              src/startup_stm32f051x8.o (__libc_init_array)
/opt/Atollic_TrueSTUDIO_for_STM32_x86_64_9.3.0/ARMTools/bin/../lib/gcc/arm-atollic-eabi/6.3.1/../../../../arm-atollic-eabi/lib/armv6-m/libc_nano.a(lib_a-strlen.o)
                              src/tiny_printf.o (strlen)
/opt/Atollic_TrueSTUDIO_for_STM32_x86_64_9.3.0/ARMTools/bin/../lib/gcc/arm-atollic-eabi/6.3.1/armv6-m/libgcc.a(_udivsi3.o)
                              src/system_stm32f0xx.o (__aeabi_uidiv)
/opt/Atollic_TrueSTUDIO_for_STM32_x86_64_9.3.0/ARMTools/bin/../lib/gcc/arm-atollic-eabi/6.3.1/armv6-m/libgcc.a(_divsi3.o)
                              src/tiny_printf.o (__aeabi_idiv)
/opt/Atollic_TrueSTUDIO_for_STM32_x86_64_9.3.0/ARMTools/bin/../lib/gcc/arm-atollic-eabi/6.3.1/armv6-m/libgcc.a(_dvmd_tls.o)
                              /opt/Atollic_TrueSTUDIO_for_STM32_x86_64_9.3.0/ARMTools/bin/../lib/gcc/arm-atollic-eabi/6.3.1/armv6-m/libgcc.a(_udivsi3.o) (__aeabi_idiv0)
/opt/Atollic_TrueSTUDIO_for_STM32_x86_64_9.3.0/ARMTools/bin/../lib/gcc/arm-atollic-eabi/6.3.1/../../../../arm-atollic-eabi/lib/armv6-m/libnosys.a(write.o)
                              src/tiny_printf.o (_write)
/opt/Atollic_TrueSTUDIO_for_STM32_x86_64_9.3.0/ARMTools/bin/../lib/gcc/arm-atollic-eabi/6.3.1/../../../../arm-atollic-eabi/lib/armv6-m/libnosys.a(errno.o)
                              /opt/Atollic_TrueSTUDIO_for_STM32_x86_64_9.3.0/ARMTools/bin/../lib/gcc/arm-atollic-eabi/6.3.1/../../../../arm-atollic-eabi/lib/armv6-m/libnosys.a(write.o) (errno)

Allocating common symbols
Common symbol       size              file

errno               0x4               /opt/Atollic_TrueSTUDIO_for_STM32_x86_64_9.3.0/ARMTools/bin/../lib/gcc/arm-atollic-eabi/6.3.1/../../../../arm-atollic-eabi/lib/armv6-m/libnosys.a(errno.o)

Discarded input sections

 .text          0x0000000000000000        0x0 /opt/Atollic_TrueSTUDIO_for_STM32_x86_64_9.3.0/ARMTools/bin/../lib/gcc/arm-atollic-eabi/6.3.1/armv6-m/crti.o
 .data          0x0000000000000000        0x0 /opt/Atollic_TrueSTUDIO_for_STM32_x86_64_9.3.0/ARMTools/bin/../lib/gcc/arm-atollic-eabi/6.3.1/armv6-m/crti.o
 .bss           0x0000000000000000        0x0 /opt/Atollic_TrueSTUDIO_for_STM32_x86_64_9.3.0/ARMTools/bin/../lib/gcc/arm-atollic-eabi/6.3.1/armv6-m/crti.o
 .data          0x0000000000000000        0x4 /opt/Atollic_TrueSTUDIO_for_STM32_x86_64_9.3.0/ARMTools/bin/../lib/gcc/arm-atollic-eabi/6.3.1/armv6-m/crtbegin.o
 .text          0x0000000000000000        0x0 src/main.o
 .data          0x0000000000000000        0x0 src/main.o
 .bss           0x0000000000000000        0x0 src/main.o
 .text          0x0000000000000000       0x14 src/startup_stm32f051x8.o
 .data          0x0000000000000000        0x0 src/startup_stm32f051x8.o
 .bss           0x0000000000000000        0x0 src/startup_stm32f051x8.o
 .text          0x0000000000000000        0x0 src/system_stm32f0xx.o
 .data          0x0000000000000000        0x0 src/system_stm32f0xx.o
 .bss           0x0000000000000000        0x0 src/system_stm32f0xx.o
 .data.SystemCoreClock
                0x0000000000000000        0x4 src/system_stm32f0xx.o
 .rodata.AHBPrescTable
                0x0000000000000000       0x10 src/system_stm32f0xx.o
 .rodata.APBPrescTable
                0x0000000000000000        0x8 src/system_stm32f0xx.o
 .text.SystemCoreClockUpdate
                0x0000000000000000       0xd8 src/system_stm32f0xx.o
 .text          0x0000000000000000        0x0 src/tiny_printf.o
 .data          0x0000000000000000        0x0 src/tiny_printf.o
 .bss           0x0000000000000000        0x0 src/tiny_printf.o
 .text.ts_itoa  0x0000000000000000       0x98 src/tiny_printf.o
 .text.ts_formatstring
                0x0000000000000000      0x12c src/tiny_printf.o
 .text.ts_formatlength
                0x0000000000000000       0xa8 src/tiny_printf.o
 .rodata.ts_formatlength
                0x0000000000000000       0x84 src/tiny_printf.o
 .text.siprintf
                0x0000000000000000       0x30 src/tiny_printf.o
 .text.fiprintf
                0x0000000000000000       0xc8 src/tiny_printf.o
 .text.iprintf  0x0000000000000000       0xc0 src/tiny_printf.o
 .rodata        0x0000000000000000        0x2 src/tiny_printf.o
 .text.fputs    0x0000000000000000       0x70 src/tiny_printf.o
 .text.puts     0x0000000000000000       0x60 src/tiny_printf.o
 .text.fwrite   0x0000000000000000       0x3a src/tiny_printf.o
 .debug_info    0x0000000000000000      0xc78 src/tiny_printf.o
 .debug_abbrev  0x0000000000000000      0x262 src/tiny_printf.o
 .debug_aranges
                0x0000000000000000       0x60 src/tiny_printf.o
 .debug_ranges  0x0000000000000000       0x50 src/tiny_printf.o
 .debug_line    0x0000000000000000      0x29e src/tiny_printf.o
 .debug_str     0x0000000000000000      0x669 src/tiny_printf.o
 .comment       0x0000000000000000       0x7d src/tiny_printf.o
 .debug_frame   0x0000000000000000      0x140 src/tiny_printf.o
 .ARM.attributes
                0x0000000000000000       0x31 src/tiny_printf.o
 .text          0x0000000000000000        0x0 /opt/Atollic_TrueSTUDIO_for_STM32_x86_64_9.3.0/ARMTools/bin/../lib/gcc/arm-atollic-eabi/6.3.1/../../../../arm-atollic-eabi/lib/armv6-m/libc_nano.a(lib_a-init.o)
 .data          0x0000000000000000        0x0 /opt/Atollic_TrueSTUDIO_for_STM32_x86_64_9.3.0/ARMTools/bin/../lib/gcc/arm-atollic-eabi/6.3.1/../../../../arm-atollic-eabi/lib/armv6-m/libc_nano.a(lib_a-init.o)
 .bss           0x0000000000000000        0x0 /opt/Atollic_TrueSTUDIO_for_STM32_x86_64_9.3.0/ARMTools/bin/../lib/gcc/arm-atollic-eabi/6.3.1/../../../../arm-atollic-eabi/lib/armv6-m/libc_nano.a(lib_a-init.o)
 .text          0x0000000000000000        0xe /opt/Atollic_TrueSTUDIO_for_STM32_x86_64_9.3.0/ARMTools/bin/../lib/gcc/arm-atollic-eabi/6.3.1/../../../../arm-atollic-eabi/lib/armv6-m/libc_nano.a(lib_a-strlen.o)
 .data          0x0000000000000000        0x0 /opt/Atollic_TrueSTUDIO_for_STM32_x86_64_9.3.0/ARMTools/bin/../lib/gcc/arm-atollic-eabi/6.3.1/../../../../arm-atollic-eabi/lib/armv6-m/libc_nano.a(lib_a-strlen.o)
 .bss           0x0000000000000000        0x0 /opt/Atollic_TrueSTUDIO_for_STM32_x86_64_9.3.0/ARMTools/bin/../lib/gcc/arm-atollic-eabi/6.3.1/../../../../arm-atollic-eabi/lib/armv6-m/libc_nano.a(lib_a-strlen.o)
 .ARM.attributes
                0x0000000000000000       0x1c /opt/Atollic_TrueSTUDIO_for_STM32_x86_64_9.3.0/ARMTools/bin/../lib/gcc/arm-atollic-eabi/6.3.1/../../../../arm-atollic-eabi/lib/armv6-m/libc_nano.a(lib_a-strlen.o)
 .text          0x0000000000000000      0x114 /opt/Atollic_TrueSTUDIO_for_STM32_x86_64_9.3.0/ARMTools/bin/../lib/gcc/arm-atollic-eabi/6.3.1/armv6-m/libgcc.a(_udivsi3.o)
 .data          0x0000000000000000        0x0 /opt/Atollic_TrueSTUDIO_for_STM32_x86_64_9.3.0/ARMTools/bin/../lib/gcc/arm-atollic-eabi/6.3.1/armv6-m/libgcc.a(_udivsi3.o)
 .bss           0x0000000000000000        0x0 /opt/Atollic_TrueSTUDIO_for_STM32_x86_64_9.3.0/ARMTools/bin/../lib/gcc/arm-atollic-eabi/6.3.1/armv6-m/libgcc.a(_udivsi3.o)
 .debug_frame   0x0000000000000000       0x20 /opt/Atollic_TrueSTUDIO_for_STM32_x86_64_9.3.0/ARMTools/bin/../lib/gcc/arm-atollic-eabi/6.3.1/armv6-m/libgcc.a(_udivsi3.o)
 .ARM.attributes
                0x0000000000000000       0x1e /opt/Atollic_TrueSTUDIO_for_STM32_x86_64_9.3.0/ARMTools/bin/../lib/gcc/arm-atollic-eabi/6.3.1/armv6-m/libgcc.a(_udivsi3.o)
 .text          0x0000000000000000      0x1d4 /opt/Atollic_TrueSTUDIO_for_STM32_x86_64_9.3.0/ARMTools/bin/../lib/gcc/arm-atollic-eabi/6.3.1/armv6-m/libgcc.a(_divsi3.o)
 .data          0x0000000000000000        0x0 /opt/Atollic_TrueSTUDIO_for_STM32_x86_64_9.3.0/ARMTools/bin/../lib/gcc/arm-atollic-eabi/6.3.1/armv6-m/libgcc.a(_divsi3.o)
 .bss           0x0000000000000000        0x0 /opt/Atollic_TrueSTUDIO_for_STM32_x86_64_9.3.0/ARMTools/bin/../lib/gcc/arm-atollic-eabi/6.3.1/armv6-m/libgcc.a(_divsi3.o)
 .debug_frame   0x0000000000000000       0x20 /opt/Atollic_TrueSTUDIO_for_STM32_x86_64_9.3.0/ARMTools/bin/../lib/gcc/arm-atollic-eabi/6.3.1/armv6-m/libgcc.a(_divsi3.o)
 .ARM.attributes
                0x0000000000000000       0x1e /opt/Atollic_TrueSTUDIO_for_STM32_x86_64_9.3.0/ARMTools/bin/../lib/gcc/arm-atollic-eabi/6.3.1/armv6-m/libgcc.a(_divsi3.o)
 .text          0x0000000000000000        0x4 /opt/Atollic_TrueSTUDIO_for_STM32_x86_64_9.3.0/ARMTools/bin/../lib/gcc/arm-atollic-eabi/6.3.1/armv6-m/libgcc.a(_dvmd_tls.o)
 .data          0x0000000000000000        0x0 /opt/Atollic_TrueSTUDIO_for_STM32_x86_64_9.3.0/ARMTools/bin/../lib/gcc/arm-atollic-eabi/6.3.1/armv6-m/libgcc.a(_dvmd_tls.o)
 .bss           0x0000000000000000        0x0 /opt/Atollic_TrueSTUDIO_for_STM32_x86_64_9.3.0/ARMTools/bin/../lib/gcc/arm-atollic-eabi/6.3.1/armv6-m/libgcc.a(_dvmd_tls.o)
 .ARM.attributes
                0x0000000000000000       0x1e /opt/Atollic_TrueSTUDIO_for_STM32_x86_64_9.3.0/ARMTools/bin/../lib/gcc/arm-atollic-eabi/6.3.1/armv6-m/libgcc.a(_dvmd_tls.o)
 .text          0x0000000000000000        0x0 /opt/Atollic_TrueSTUDIO_for_STM32_x86_64_9.3.0/ARMTools/bin/../lib/gcc/arm-atollic-eabi/6.3.1/../../../../arm-atollic-eabi/lib/armv6-m/libnosys.a(write.o)
 .data          0x0000000000000000        0x0 /opt/Atollic_TrueSTUDIO_for_STM32_x86_64_9.3.0/ARMTools/bin/../lib/gcc/arm-atollic-eabi/6.3.1/../../../../arm-atollic-eabi/lib/armv6-m/libnosys.a(write.o)
 .bss           0x0000000000000000        0x0 /opt/Atollic_TrueSTUDIO_for_STM32_x86_64_9.3.0/ARMTools/bin/../lib/gcc/arm-atollic-eabi/6.3.1/../../../../arm-atollic-eabi/lib/armv6-m/libnosys.a(write.o)
 .stab          0x0000000000000000       0x24 /opt/Atollic_TrueSTUDIO_for_STM32_x86_64_9.3.0/ARMTools/bin/../lib/gcc/arm-atollic-eabi/6.3.1/../../../../arm-atollic-eabi/lib/armv6-m/libnosys.a(write.o)
 .text._write   0x0000000000000000       0x10 /opt/Atollic_TrueSTUDIO_for_STM32_x86_64_9.3.0/ARMTools/bin/../lib/gcc/arm-atollic-eabi/6.3.1/../../../../arm-atollic-eabi/lib/armv6-m/libnosys.a(write.o)
 .debug_frame   0x0000000000000000       0x20 /opt/Atollic_TrueSTUDIO_for_STM32_x86_64_9.3.0/ARMTools/bin/../lib/gcc/arm-atollic-eabi/6.3.1/../../../../arm-atollic-eabi/lib/armv6-m/libnosys.a(write.o)
 .ARM.attributes
                0x0000000000000000       0x2c /opt/Atollic_TrueSTUDIO_for_STM32_x86_64_9.3.0/ARMTools/bin/../lib/gcc/arm-atollic-eabi/6.3.1/../../../../arm-atollic-eabi/lib/armv6-m/libnosys.a(write.o)
 .text          0x0000000000000000        0x0 /opt/Atollic_TrueSTUDIO_for_STM32_x86_64_9.3.0/ARMTools/bin/../lib/gcc/arm-atollic-eabi/6.3.1/../../../../arm-atollic-eabi/lib/armv6-m/libnosys.a(errno.o)
 .data          0x0000000000000000        0x0 /opt/Atollic_TrueSTUDIO_for_STM32_x86_64_9.3.0/ARMTools/bin/../lib/gcc/arm-atollic-eabi/6.3.1/../../../../arm-atollic-eabi/lib/armv6-m/libnosys.a(errno.o)
 .bss           0x0000000000000000        0x0 /opt/Atollic_TrueSTUDIO_for_STM32_x86_64_9.3.0/ARMTools/bin/../lib/gcc/arm-atollic-eabi/6.3.1/../../../../arm-atollic-eabi/lib/armv6-m/libnosys.a(errno.o)
 .ARM.attributes
                0x0000000000000000       0x2c /opt/Atollic_TrueSTUDIO_for_STM32_x86_64_9.3.0/ARMTools/bin/../lib/gcc/arm-atollic-eabi/6.3.1/../../../../arm-atollic-eabi/lib/armv6-m/libnosys.a(errno.o)
 COMMON         0x0000000000000000        0x4 /opt/Atollic_TrueSTUDIO_for_STM32_x86_64_9.3.0/ARMTools/bin/../lib/gcc/arm-atollic-eabi/6.3.1/../../../../arm-atollic-eabi/lib/armv6-m/libnosys.a(errno.o)
 .text          0x0000000000000000        0x0 /opt/Atollic_TrueSTUDIO_for_STM32_x86_64_9.3.0/ARMTools/bin/../lib/gcc/arm-atollic-eabi/6.3.1/armv6-m/crtend.o
 .data          0x0000000000000000        0x0 /opt/Atollic_TrueSTUDIO_for_STM32_x86_64_9.3.0/ARMTools/bin/../lib/gcc/arm-atollic-eabi/6.3.1/armv6-m/crtend.o
 .bss           0x0000000000000000        0x0 /opt/Atollic_TrueSTUDIO_for_STM32_x86_64_9.3.0/ARMTools/bin/../lib/gcc/arm-atollic-eabi/6.3.1/armv6-m/crtend.o
 .eh_frame      0x0000000000000000        0x4 /opt/Atollic_TrueSTUDIO_for_STM32_x86_64_9.3.0/ARMTools/bin/../lib/gcc/arm-atollic-eabi/6.3.1/armv6-m/crtend.o
 .ARM.attributes
                0x0000000000000000       0x2c /opt/Atollic_TrueSTUDIO_for_STM32_x86_64_9.3.0/ARMTools/bin/../lib/gcc/arm-atollic-eabi/6.3.1/armv6-m/crtend.o
 .text          0x0000000000000000        0x0 /opt/Atollic_TrueSTUDIO_for_STM32_x86_64_9.3.0/ARMTools/bin/../lib/gcc/arm-atollic-eabi/6.3.1/armv6-m/crtn.o
 .data          0x0000000000000000        0x0 /opt/Atollic_TrueSTUDIO_for_STM32_x86_64_9.3.0/ARMTools/bin/../lib/gcc/arm-atollic-eabi/6.3.1/armv6-m/crtn.o
 .bss           0x0000000000000000        0x0 /opt/Atollic_TrueSTUDIO_for_STM32_x86_64_9.3.0/ARMTools/bin/../lib/gcc/arm-atollic-eabi/6.3.1/armv6-m/crtn.o

Memory Configuration

Name             Origin             Length             Attributes
FLASH            0x0000000008000000 0x0000000000008000 xr
RAM              0x0000000020000000 0x0000000000002000 xrw
MEMORY_B1        0x0000000060000000 0x0000000000000000 xr
*default*        0x0000000000000000 0xffffffffffffffff

Linker script and memory map

LOAD /opt/Atollic_TrueSTUDIO_for_STM32_x86_64_9.3.0/ARMTools/bin/../lib/gcc/arm-atollic-eabi/6.3.1/armv6-m/crti.o
LOAD /opt/Atollic_TrueSTUDIO_for_STM32_x86_64_9.3.0/ARMTools/bin/../lib/gcc/arm-atollic-eabi/6.3.1/armv6-m/crtbegin.o
LOAD src/main.o
LOAD src/startup_stm32f051x8.o
LOAD src/system_stm32f0xx.o
LOAD src/tiny_printf.o
                0x0000000000000080                malloc_getpagesize_P = 0x80
START GROUP
LOAD /opt/Atollic_TrueSTUDIO_for_STM32_x86_64_9.3.0/ARMTools/bin/../lib/gcc/arm-atollic-eabi/6.3.1/../../../../arm-atollic-eabi/lib/armv6-m/libc_nano.a
LOAD /opt/Atollic_TrueSTUDIO_for_STM32_x86_64_9.3.0/ARMTools/bin/../lib/gcc/arm-atollic-eabi/6.3.1/../../../../arm-atollic-eabi/lib/armv6-m/libm.a
END GROUP
START GROUP
LOAD /opt/Atollic_TrueSTUDIO_for_STM32_x86_64_9.3.0/ARMTools/bin/../lib/gcc/arm-atollic-eabi/6.3.1/armv6-m/libgcc.a
LOAD /opt/Atollic_TrueSTUDIO_for_STM32_x86_64_9.3.0/ARMTools/bin/../lib/gcc/arm-atollic-eabi/6.3.1/../../../../arm-atollic-eabi/lib/armv6-m/libc_nano.a
END GROUP
START GROUP
LOAD /opt/Atollic_TrueSTUDIO_for_STM32_x86_64_9.3.0/ARMTools/bin/../lib/gcc/arm-atollic-eabi/6.3.1/armv6-m/libgcc.a
LOAD /opt/Atollic_TrueSTUDIO_for_STM32_x86_64_9.3.0/ARMTools/bin/../lib/gcc/arm-atollic-eabi/6.3.1/../../../../arm-atollic-eabi/lib/armv6-m/libc_nano.a
LOAD /opt/Atollic_TrueSTUDIO_for_STM32_x86_64_9.3.0/ARMTools/bin/../lib/gcc/arm-atollic-eabi/6.3.1/../../../../arm-atollic-eabi/lib/armv6-m/libnosys.a
END GROUP
START GROUP
LOAD /opt/Atollic_TrueSTUDIO_for_STM32_x86_64_9.3.0/ARMTools/bin/../lib/gcc/arm-atollic-eabi/6.3.1/armv6-m/libgcc.a
LOAD /opt/Atollic_TrueSTUDIO_for_STM32_x86_64_9.3.0/ARMTools/bin/../lib/gcc/arm-atollic-eabi/6.3.1/../../../../arm-atollic-eabi/lib/armv6-m/libc_nano.a
LOAD /opt/Atollic_TrueSTUDIO_for_STM32_x86_64_9.3.0/ARMTools/bin/../lib/gcc/arm-atollic-eabi/6.3.1/../../../../arm-atollic-eabi/lib/armv6-m/libnosys.a
END GROUP
LOAD /opt/Atollic_TrueSTUDIO_for_STM32_x86_64_9.3.0/ARMTools/bin/../lib/gcc/arm-atollic-eabi/6.3.1/armv6-m/crtend.o
LOAD /opt/Atollic_TrueSTUDIO_for_STM32_x86_64_9.3.0/ARMTools/bin/../lib/gcc/arm-atollic-eabi/6.3.1/armv6-m/crtn.o
                0x0000000020002000                _estack = 0x20002000
                0x0000000000000000                _Min_Heap_Size = 0x0
                0x0000000000000080                _Min_Stack_Size = 0x80

.isr_vector     0x0000000008000000       0xc0
                0x0000000008000000                . = ALIGN (0x4)
 *(.isr_vector)
 .isr_vector    0x0000000008000000       0xc0 src/startup_stm32f051x8.o
                0x0000000008000000                g_pfnVectors
                0x00000000080000c0                . = ALIGN (0x4)

.text           0x00000000080000c0      0x354
                0x00000000080000c0                . = ALIGN (0x4)
 *(.text)
 .text          0x00000000080000c0       0x48 /opt/Atollic_TrueSTUDIO_for_STM32_x86_64_9.3.0/ARMTools/bin/../lib/gcc/arm-atollic-eabi/6.3.1/armv6-m/crtbegin.o
 *(.text*)
 .text.main     0x0000000008000108       0x34 src/main.o
                0x0000000008000108                main
 .text.initGPIO
                0x000000000800013c      0x120 src/main.o
                0x000000000800013c                initGPIO
 .text.delay    0x000000000800025c       0x28 src/main.o
                0x000000000800025c                delay
 .text.setQuantumState
                0x0000000008000284       0x34 src/main.o
                0x0000000008000284                setQuantumState
 .text.displayQuantumState
                0x00000000080002b8       0x1e src/main.o
                0x00000000080002b8                displayQuantumState
 *fill*         0x00000000080002d6        0x2 
 .text.Reset_Handler
                0x00000000080002d8       0x50 src/startup_stm32f051x8.o
                0x00000000080002d8                Reset_Handler
 .text.Default_Handler
                0x0000000008000328        0x2 src/startup_stm32f051x8.o
                0x0000000008000328                TIM1_CC_IRQHandler
                0x0000000008000328                TSC_IRQHandler
                0x0000000008000328                HardFault_Handler
                0x0000000008000328                ADC1_COMP_IRQHandler
                0x0000000008000328                SysTick_Handler
                0x0000000008000328                PVD_IRQHandler
                0x0000000008000328                PendSV_Handler
                0x0000000008000328                NMI_Handler
                0x0000000008000328                I2C1_IRQHandler
                0x0000000008000328                RCC_CRS_IRQHandler
                0x0000000008000328                SPI1_IRQHandler
                0x0000000008000328                TIM6_DAC_IRQHandler
                0x0000000008000328                EXTI2_3_IRQHandler
                0x0000000008000328                I2C2_IRQHandler
                0x0000000008000328                TIM17_IRQHandler
                0x0000000008000328                CEC_CAN_IRQHandler
                0x0000000008000328                RTC_IRQHandler
                0x0000000008000328                TIM16_IRQHandler
                0x0000000008000328                TIM3_IRQHandler
                0x0000000008000328                EXTI4_15_IRQHandler
                0x0000000008000328                DMA1_Channel1_IRQHandler
                0x0000000008000328                Default_Handler
                0x0000000008000328                TIM14_IRQHandler
                0x0000000008000328                DMA1_Channel4_5_IRQHandler
                0x0000000008000328                TIM15_IRQHandler
                0x0000000008000328                EXTI0_1_IRQHandler
                0x0000000008000328                SPI2_IRQHandler
                0x0000000008000328                SVC_Handler
                0x0000000008000328                WWDG_IRQHandler
                0x0000000008000328                TIM2_IRQHandler
                0x0000000008000328                DMA1_Channel2_3_IRQHandler
                0x0000000008000328                USART2_IRQHandler
                0x0000000008000328                FLASH_IRQHandler
                0x0000000008000328                USART1_IRQHandler
                0x0000000008000328                TIM1_BRK_UP_TRG_COM_IRQHandler
 *fill*         0x000000000800032a        0x2 
 .text.SystemInit
                0x000000000800032c       0x88 src/system_stm32f0xx.o
                0x000000000800032c                SystemInit
 .text.__libc_init_array
                0x00000000080003b4       0x48 /opt/Atollic_TrueSTUDIO_for_STM32_x86_64_9.3.0/ARMTools/bin/../lib/gcc/arm-atollic-eabi/6.3.1/../../../../arm-atollic-eabi/lib/armv6-m/libc_nano.a(lib_a-init.o)
                0x00000000080003b4                __libc_init_array
 *(.glue_7)
 .glue_7        0x00000000080003fc        0x0 linker stubs
 *(.glue_7t)
 .glue_7t       0x00000000080003fc        0x0 linker stubs
 *(.eh_frame)
 .eh_frame      0x00000000080003fc        0x0 /opt/Atollic_TrueSTUDIO_for_STM32_x86_64_9.3.0/ARMTools/bin/../lib/gcc/arm-atollic-eabi/6.3.1/armv6-m/crtbegin.o
 *(.init)
 .init          0x00000000080003fc        0x4 /opt/Atollic_TrueSTUDIO_for_STM32_x86_64_9.3.0/ARMTools/bin/../lib/gcc/arm-atollic-eabi/6.3.1/armv6-m/crti.o
                0x00000000080003fc                _init
 .init          0x0000000008000400        0x8 /opt/Atollic_TrueSTUDIO_for_STM32_x86_64_9.3.0/ARMTools/bin/../lib/gcc/arm-atollic-eabi/6.3.1/armv6-m/crtn.o
 *(.fini)
 .fini          0x0000000008000408        0x4 /opt/Atollic_TrueSTUDIO_for_STM32_x86_64_9.3.0/ARMTools/bin/../lib/gcc/arm-atollic-eabi/6.3.1/armv6-m/crti.o
                0x0000000008000408                _fini
 .fini          0x000000000800040c        0x8 /opt/Atollic_TrueSTUDIO_for_STM32_x86_64_9.3.0/ARMTools/bin/../lib/gcc/arm-atollic-eabi/6.3.1/armv6-m/crtn.o
                0x0000000008000414                . = ALIGN (0x4)
                0x0000000008000414                _etext = .

.vfp11_veneer   0x0000000008000414        0x0
 .vfp11_veneer  0x0000000008000414        0x0 linker stubs

.v4_bx          0x0000000008000414        0x0
 .v4_bx         0x0000000008000414        0x0 linker stubs

.iplt           0x0000000008000414        0x0
 .iplt          0x0000000008000414        0x0 /opt/Atollic_TrueSTUDIO_for_STM32_x86_64_9.3.0/ARMTools/bin/../lib/gcc/arm-atollic-eabi/6.3.1/armv6-m/crtbegin.o

.rel.dyn        0x0000000008000414        0x0
 .rel.iplt      0x0000000008000414        0x0 /opt/Atollic_TrueSTUDIO_for_STM32_x86_64_9.3.0/ARMTools/bin/../lib/gcc/arm-atollic-eabi/6.3.1/armv6-m/crtbegin.o

.rodata         0x0000000008000414        0x0
                0x0000000008000414                . = ALIGN (0x4)
 *(.rodata)
 *(.rodata*)
                0x0000000008000414                . = ALIGN (0x4)

.ARM.extab
 *(.ARM.extab* .gnu.linkonce.armextab.*)

.ARM            0x0000000008000414        0x0
                0x0000000008000414                __exidx_start = .
 *(.ARM.exidx*)
                0x0000000008000414                __exidx_end = .

.preinit_array  0x0000000008000414        0x0
                0x0000000008000414                PROVIDE (__preinit_array_start, .)
 *(.preinit_array*)
                0x0000000008000414                PROVIDE (__preinit_array_end, .)

.init_array     0x0000000008000414        0x4
                0x0000000008000414                PROVIDE (__init_array_start, .)
 *(SORT(.init_array.*))
 *(.init_array*)
 .init_array    0x0000000008000414        0x4 /opt/Atollic_TrueSTUDIO_for_STM32_x86_64_9.3.0/ARMTools/bin/../lib/gcc/arm-atollic-eabi/6.3.1/armv6-m/crtbegin.o
                0x0000000008000418                PROVIDE (__init_array_end, .)

.fini_array     0x0000000008000418        0x4
                [!provide]                        PROVIDE (__fini_array_start, .)
 *(SORT(.fini_array.*))
 *(.fini_array*)
 .fini_array    0x0000000008000418        0x4 /opt/Atollic_TrueSTUDIO_for_STM32_x86_64_9.3.0/ARMTools/bin/../lib/gcc/arm-atollic-eabi/6.3.1/armv6-m/crtbegin.o
                [!provide]                        PROVIDE (__fini_array_end, .)
                0x000000000800041c                _sidata = LOADADDR (.data)

.data           0x0000000020000000        0x0 load address 0x000000000800041c
                0x0000000020000000                . = ALIGN (0x4)
                0x0000000020000000                _sdata = .
 *(.data)
 *(.data*)
                0x0000000020000000                . = ALIGN (0x4)
                0x0000000020000000                _edata = .

.igot.plt       0x0000000020000000        0x0 load address 0x000000000800041c
 .igot.plt      0x0000000020000000        0x0 /opt/Atollic_TrueSTUDIO_for_STM32_x86_64_9.3.0/ARMTools/bin/../lib/gcc/arm-atollic-eabi/6.3.1/armv6-m/crtbegin.o
                0x0000000020000000                . = ALIGN (0x4)

.bss            0x0000000020000000       0x1c load address 0x000000000800041c
                0x0000000020000000                _sbss = .
                0x0000000020000000                __bss_start__ = _sbss
 *(.bss)
 .bss           0x0000000020000000       0x1c /opt/Atollic_TrueSTUDIO_for_STM32_x86_64_9.3.0/ARMTools/bin/../lib/gcc/arm-atollic-eabi/6.3.1/armv6-m/crtbegin.o
 *(.bss*)
 *(COMMON)
                0x000000002000001c                . = ALIGN (0x4)
                0x000000002000001c                _ebss = .
                0x000000002000001c                __bss_end__ = _ebss

._user_heap_stack
                0x000000002000001c       0x80 load address 0x000000000800041c
                0x000000002000001c                . = ALIGN (0x4)
                [!provide]                        PROVIDE (end, .)
                [!provide]                        PROVIDE (_end, .)
                0x000000002000001c                . = (. + _Min_Heap_Size)
                0x000000002000009c                . = (. + _Min_Stack_Size)
 *fill*         0x000000002000001c       0x80 
                0x000000002000009c                . = ALIGN (0x4)

.memory_b1_text
 *(.mb1text)
 *(.mb1text*)
 *(.mb1rodata)
 *(.mb1rodata*)

/DISCARD/
 libc.a(*)
 libm.a(*)
 libgcc.a(*)

.ARM.attributes
                0x0000000000000000       0x28
 *(.ARM.attributes)
 .ARM.attributes
                0x0000000000000000       0x1e /opt/Atollic_TrueSTUDIO_for_STM32_x86_64_9.3.0/ARMTools/bin/../lib/gcc/arm-atollic-eabi/6.3.1/armv6-m/crti.o
 .ARM.attributes
                0x000000000000001e       0x2c /opt/Atollic_TrueSTUDIO_for_STM32_x86_64_9.3.0/ARMTools/bin/../lib/gcc/arm-atollic-eabi/6.3.1/armv6-m/crtbegin.o
 .ARM.attributes
                0x000000000000004a       0x31 src/main.o
 .ARM.attributes
                0x000000000000007b       0x21 src/startup_stm32f051x8.o
 .ARM.attributes
                0x000000000000009c       0x31 src/system_stm32f0xx.o
 .ARM.attributes
                0x00000000000000cd       0x2c /opt/Atollic_TrueSTUDIO_for_STM32_x86_64_9.3.0/ARMTools/bin/../lib/gcc/arm-atollic-eabi/6.3.1/../../../../arm-atollic-eabi/lib/armv6-m/libc_nano.a(lib_a-init.o)
 .ARM.attributes
                0x00000000000000f9       0x1e /opt/Atollic_TrueSTUDIO_for_STM32_x86_64_9.3.0/ARMTools/bin/../lib/gcc/arm-atollic-eabi/6.3.1/armv6-m/crtn.o
OUTPUT(spqis.elf elf32-littlearm)

.debug_info     0x0000000000000000      0x528
 .debug_info    0x0000000000000000      0x263 src/main.o
 .debug_info    0x0000000000000263       0x7b src/startup_stm32f051x8.o
 .debug_info    0x00000000000002de      0x24a src/system_stm32f0xx.o

.debug_abbrev   0x0000000000000000      0x23c
 .debug_abbrev  0x0000000000000000      0x12d src/main.o
 .debug_abbrev  0x000000000000012d       0x12 src/startup_stm32f051x8.o
 .debug_abbrev  0x000000000000013f       0xfd src/system_stm32f0xx.o

.debug_aranges  0x0000000000000000       0x90
 .debug_aranges
                0x0000000000000000       0x40 src/main.o
 .debug_aranges
                0x0000000000000040       0x28 src/startup_stm32f051x8.o
 .debug_aranges
                0x0000000000000068       0x28 src/system_stm32f0xx.o

.debug_ranges   0x0000000000000000       0x68
 .debug_ranges  0x0000000000000000       0x30 src/main.o
 .debug_ranges  0x0000000000000030       0x20 src/startup_stm32f051x8.o
 .debug_ranges  0x0000000000000050       0x18 src/system_stm32f0xx.o

.debug_line     0x0000000000000000      0x40e
 .debug_line    0x0000000000000000      0x1ed src/main.o
 .debug_line    0x00000000000001ed       0x7f src/startup_stm32f051x8.o
 .debug_line    0x000000000000026c      0x1a2 src/system_stm32f0xx.o

.debug_str      0x0000000000000000      0x2b8
 .debug_str     0x0000000000000000      0x20b src/main.o
                                        0x250 (size before relaxing)
 .debug_str     0x000000000000020b       0xad src/system_stm32f0xx.o
                                        0x26a (size before relaxing)

.comment        0x0000000000000000       0x7c
 .comment       0x0000000000000000       0x7c src/main.o
                                         0x7d (size before relaxing)
 .comment       0x000000000000007c       0x7d src/system_stm32f0xx.o

.debug_frame    0x0000000000000000      0x128
 .debug_frame   0x0000000000000000       0xb0 src/main.o
 .debug_frame   0x00000000000000b0       0x4c src/system_stm32f0xx.o
 .debug_frame   0x00000000000000fc       0x2c /opt/Atollic_TrueSTUDIO_for_STM32_x86_64_9.3.0/ARMTools/bin/../lib/gcc/arm-atollic-eabi/6.3.1/../../../../arm-atollic-eabi/lib/armv6-m/libc_nano.a(lib_a-init.o)

.stabstr        0x0000000000000000       0x3f
 .stabstr       0x0000000000000000       0x3f /opt/Atollic_TrueSTUDIO_for_STM32_x86_64_9.3.0/ARMTools/bin/../lib/gcc/arm-atollic-eabi/6.3.1/../../../../arm-atollic-eabi/lib/armv6-m/libnosys.a(write.o)

Cross Reference Table

Symbol                                            File
ADC1_COMP_IRQHandler                              src/startup_stm32f051x8.o
AHBPrescTable                                     src/system_stm32f0xx.o
APBPrescTable                                     src/system_stm32f0xx.o
CEC_CAN_IRQHandler                                src/startup_stm32f051x8.o
DMA1_Channel1_IRQHandler                          src/startup_stm32f051x8.o
DMA1_Channel2_3_IRQHandler                        src/startup_stm32f051x8.o
DMA1_Channel4_5_IRQHandler                        src/startup_stm32f051x8.o
Default_Handler                                   src/startup_stm32f051x8.o
EXTI0_1_IRQHandler                                src/startup_stm32f051x8.o
EXTI2_3_IRQHandler                                src/startup_stm32f051x8.o
EXTI4_15_IRQHandler                               src/startup_stm32f051x8.o
FLASH_IRQHandler                                  src/startup_stm32f051x8.o
HardFault_Handler                                 src/startup_stm32f051x8.o
I2C1_IRQHandler                                   src/startup_stm32f051x8.o
I2C2_IRQHandler                                   src/startup_stm32f051x8.o
NMI_Handler                                       src/startup_stm32f051x8.o
PVD_IRQHandler                                    src/startup_stm32f051x8.o
PendSV_Handler                                    src/startup_stm32f051x8.o
RCC_CRS_IRQHandler                                src/startup_stm32f051x8.o
RTC_IRQHandler                                    src/startup_stm32f051x8.o
Reset_Handler                                     src/startup_stm32f051x8.o
SPI1_IRQHandler                                   src/startup_stm32f051x8.o
SPI2_IRQHandler                                   src/startup_stm32f051x8.o
SVC_Handler                                       src/startup_stm32f051x8.o
SysTick_Handler                                   src/startup_stm32f051x8.o
SystemCoreClock                                   src/system_stm32f0xx.o
SystemCoreClockUpdate                             src/system_stm32f0xx.o
SystemInit                                        src/system_stm32f0xx.o
                                                  src/startup_stm32f051x8.o
TIM14_IRQHandler                                  src/startup_stm32f051x8.o
TIM15_IRQHandler                                  src/startup_stm32f051x8.o
TIM16_IRQHandler                                  src/startup_stm32f051x8.o
TIM17_IRQHandler                                  src/startup_stm32f051x8.o
TIM1_BRK_UP_TRG_COM_IRQHandler                    src/startup_stm32f051x8.o
TIM1_CC_IRQHandler                                src/startup_stm32f051x8.o
TIM2_IRQHandler                                   src/startup_stm32f051x8.o
TIM3_IRQHandler                                   src/startup_stm32f051x8.o
TIM6_DAC_IRQHandler                               src/startup_stm32f051x8.o
TSC_IRQHandler                                    src/startup_stm32f051x8.o
USART1_IRQHandler                                 src/startup_stm32f051x8.o
USART2_IRQHandler                                 src/startup_stm32f051x8.o
WWDG_IRQHandler                                   src/startup_stm32f051x8.o
__aeabi_idiv                                      /opt/Atollic_TrueSTUDIO_for_STM32_x86_64_9.3.0/ARMTools/bin/../lib/gcc/arm-atollic-eabi/6.3.1/armv6-m/libgcc.a(_divsi3.o)
                                                  src/tiny_printf.o
__aeabi_idiv0                                     /opt/Atollic_TrueSTUDIO_for_STM32_x86_64_9.3.0/ARMTools/bin/../lib/gcc/arm-atollic-eabi/6.3.1/armv6-m/libgcc.a(_dvmd_tls.o)
                                                  /opt/Atollic_TrueSTUDIO_for_STM32_x86_64_9.3.0/ARMTools/bin/../lib/gcc/arm-atollic-eabi/6.3.1/armv6-m/libgcc.a(_divsi3.o)
                                                  /opt/Atollic_TrueSTUDIO_for_STM32_x86_64_9.3.0/ARMTools/bin/../lib/gcc/arm-atollic-eabi/6.3.1/armv6-m/libgcc.a(_udivsi3.o)
__aeabi_idivmod                                   /opt/Atollic_TrueSTUDIO_for_STM32_x86_64_9.3.0/ARMTools/bin/../lib/gcc/arm-atollic-eabi/6.3.1/armv6-m/libgcc.a(_divsi3.o)
__aeabi_ldiv0                                     /opt/Atollic_TrueSTUDIO_for_STM32_x86_64_9.3.0/ARMTools/bin/../lib/gcc/arm-atollic-eabi/6.3.1/armv6-m/libgcc.a(_dvmd_tls.o)
__aeabi_uidiv                                     /opt/Atollic_TrueSTUDIO_for_STM32_x86_64_9.3.0/ARMTools/bin/../lib/gcc/arm-atollic-eabi/6.3.1/armv6-m/libgcc.a(_udivsi3.o)
                                                  src/tiny_printf.o
                                                  src/system_stm32f0xx.o
__aeabi_uidivmod                                  /opt/Atollic_TrueSTUDIO_for_STM32_x86_64_9.3.0/ARMTools/bin/../lib/gcc/arm-atollic-eabi/6.3.1/armv6-m/libgcc.a(_udivsi3.o)
                                                  src/tiny_printf.o
__deregister_frame_info                           /opt/Atollic_TrueSTUDIO_for_STM32_x86_64_9.3.0/ARMTools/bin/../lib/gcc/arm-atollic-eabi/6.3.1/armv6-m/crtbegin.o
__divsi3                                          /opt/Atollic_TrueSTUDIO_for_STM32_x86_64_9.3.0/ARMTools/bin/../lib/gcc/arm-atollic-eabi/6.3.1/armv6-m/libgcc.a(_divsi3.o)
__dso_handle                                      /opt/Atollic_TrueSTUDIO_for_STM32_x86_64_9.3.0/ARMTools/bin/../lib/gcc/arm-atollic-eabi/6.3.1/armv6-m/crtbegin.o
__init_array_end                                  /opt/Atollic_TrueSTUDIO_for_STM32_x86_64_9.3.0/ARMTools/bin/../lib/gcc/arm-atollic-eabi/6.3.1/../../../../arm-atollic-eabi/lib/armv6-m/libc_nano.a(lib_a-init.o)
__init_array_start                                /opt/Atollic_TrueSTUDIO_for_STM32_x86_64_9.3.0/ARMTools/bin/../lib/gcc/arm-atollic-eabi/6.3.1/../../../../arm-atollic-eabi/lib/armv6-m/libc_nano.a(lib_a-init.o)
__libc_init_array                                 /opt/Atollic_TrueSTUDIO_for_STM32_x86_64_9.3.0/ARMTools/bin/../lib/gcc/arm-atollic-eabi/6.3.1/../../../../arm-atollic-eabi/lib/armv6-m/libc_nano.a(lib_a-init.o)
                                                  src/startup_stm32f051x8.o
__preinit_array_end                               /opt/Atollic_TrueSTUDIO_for_STM32_x86_64_9.3.0/ARMTools/bin/../lib/gcc/arm-atollic-eabi/6.3.1/../../../../arm-atollic-eabi/lib/armv6-m/libc_nano.a(lib_a-init.o)
__preinit_array_start                             /opt/Atollic_TrueSTUDIO_for_STM32_x86_64_9.3.0/ARMTools/bin/../lib/gcc/arm-atollic-eabi/6.3.1/../../../../arm-atollic-eabi/lib/armv6-m/libc_nano.a(lib_a-init.o)
__register_frame_info                             /opt/Atollic_TrueSTUDIO_for_STM32_x86_64_9.3.0/ARMTools/bin/../lib/gcc/arm-atollic-eabi/6.3.1/armv6-m/crtbegin.o
__udivsi3                                         /opt/Atollic_TrueSTUDIO_for_STM32_x86_64_9.3.0/ARMTools/bin/../lib/gcc/arm-atollic-eabi/6.3.1/armv6-m/libgcc.a(_udivsi3.o)
_ebss                                             src/startup_stm32f051x8.o
_edata                                            src/startup_stm32f051x8.o
_estack                                           src/startup_stm32f051x8.o
_fini                                             /opt/Atollic_TrueSTUDIO_for_STM32_x86_64_9.3.0/ARMTools/bin/../lib/gcc/arm-atollic-eabi/6.3.1/armv6-m/crti.o
_init                                             /opt/Atollic_TrueSTUDIO_for_STM32_x86_64_9.3.0/ARMTools/bin/../lib/gcc/arm-atollic-eabi/6.3.1/armv6-m/crti.o
                                                  /opt/Atollic_TrueSTUDIO_for_STM32_x86_64_9.3.0/ARMTools/bin/../lib/gcc/arm-atollic-eabi/6.3.1/../../../../arm-atollic-eabi/lib/armv6-m/libc_nano.a(lib_a-init.o)
_sbss                                             src/startup_stm32f051x8.o
_sdata                                            src/startup_stm32f051x8.o
_sidata                                           src/startup_stm32f051x8.o
_write                                            /opt/Atollic_TrueSTUDIO_for_STM32_x86_64_9.3.0/ARMTools/bin/../lib/gcc/arm-atollic-eabi/6.3.1/../../../../arm-atollic-eabi/lib/armv6-m/libnosys.a(write.o)
                                                  src/tiny_printf.o
delay                                             src/main.o
displayQuantumState                               src/main.o
errno                                             /opt/Atollic_TrueSTUDIO_for_STM32_x86_64_9.3.0/ARMTools/bin/../lib/gcc/arm-atollic-eabi/6.3.1/../../../../arm-atollic-eabi/lib/armv6-m/libnosys.a(errno.o)
                                                  /opt/Atollic_TrueSTUDIO_for_STM32_x86_64_9.3.0/ARMTools/bin/../lib/gcc/arm-atollic-eabi/6.3.1/../../../../arm-atollic-eabi/lib/armv6-m/libnosys.a(write.o)
fiprintf                                          src/tiny_printf.o
fprintf                                           src/tiny_printf.o
fputs                                             src/tiny_printf.o
fwrite                                            src/tiny_printf.o
g_pfnVectors                                      src/startup_stm32f051x8.o
initGPIO                                          src/main.o
iprintf                                           src/tiny_printf.o
main                                              src/main.o
                                                  src/startup_stm32f051x8.o
printf                                            src/tiny_printf.o
puts                                              src/tiny_printf.o
setQuantumState                                   src/main.o
siprintf                                          src/tiny_printf.o
sprintf                                           src/tiny_printf.o
strlen                                            /opt/Atollic_TrueSTUDIO_for_STM32_x86_64_9.3.0/ARMTools/bin/../lib/gcc/arm-atollic-eabi/6.3.1/../../../../arm-atollic-eabi/lib/armv6-m/libc_nano.a(lib_a-strlen.o)
                                                  src/tiny_printf.o
ts_formatlength                                   src/tiny_printf.o
ts_formatstring                                   src/tiny_printf.o
ts_itoa                                           src/tiny_printf.o
